BL51 BANKED LINKER/LOCATER V6.22                                                        05/17/2017  12:41:03  PAGE 1


BL51 BANKED LINKER/LOCATER V6.22, INVOKED BY:
F:\KEILC51\C51\BIN\BL51.EXE main.obj, LCD12864.obj, RC522.obj, 12864.obj TO BowenQQ RAMSIZE (256)


MEMORY MODEL: LARGE


INPUT MODULES INCLUDED:
  main.obj (MAIN)
  LCD12864.obj (LCD12864)
  RC522.obj (RC522)
  12864.obj (12864)
  F:\KEILC51\C51\LIB\C51L.LIB (?C_STARTUP)
  F:\KEILC51\C51\LIB\C51L.LIB (?C?CLDPTR)
  F:\KEILC51\C51\LIB\C51L.LIB (?C?CLDOPTR)
  F:\KEILC51\C51\LIB\C51L.LIB (?C?CSTPTR)
  F:\KEILC51\C51\LIB\C51L.LIB (?C?CSTOPTR)
  F:\KEILC51\C51\LIB\C51L.LIB (?C?IILDX)
  F:\KEILC51\C51\LIB\C51L.LIB (?C?ILDIX)
  F:\KEILC51\C51\LIB\C51L.LIB (?C?ISTPTR)
  F:\KEILC51\C51\LIB\C51L.LIB (?C?LMUL)
  F:\KEILC51\C51\LIB\C51L.LIB (?C?ULDIV)
  F:\KEILC51\C51\LIB\C51L.LIB (?C?LSHL)
  F:\KEILC51\C51\LIB\C51L.LIB (?C?LSTXDATA)
  F:\KEILC51\C51\LIB\C51L.LIB (PRINTF)
  F:\KEILC51\C51\LIB\C51L.LIB (?C_INIT)
  F:\KEILC51\C51\LIB\C51L.LIB (?C?PLDIXDATA)
  F:\KEILC51\C51\LIB\C51L.LIB (?C?PSTXDATA)
  F:\KEILC51\C51\LIB\C51L.LIB (?C?CCASE)
  F:\KEILC51\C51\LIB\C51L.LIB (PUTCHAR)


LINK MAP OF MODULE:  BowenQQ (MAIN)


            TYPE    BASE      LENGTH    RELOCATION   SEGMENT NAME
            -----------------------------------------------------

            * * * * * * *   D A T A   M E M O R Y   * * * * * * *
            REG     0000H     0008H     ABSOLUTE     "REG BANK 0"
            DATA    0008H     0005H     UNIT         _DATA_GROUP_
                    000DH     0013H                  *** GAP ***
            BIT     0020H.0   0001H.1   UNIT         _BIT_GROUP_
                    0021H.1   0000H.7                *** GAP ***
            IDATA   0022H     0001H     UNIT         ?STACK

            * * * * * * *  X D A T A   M E M O R Y  * * * * * * *
            XDATA   0000H     00F8H     UNIT         ?XD?MAIN
            XDATA   00F8H     006CH     UNIT         _XDATA_GROUP_
            XDATA   0164H     001DH     UNIT         ?XD?_PCDAUTHSTATE?RC522
            XDATA   0181H     0019H     UNIT         ?XD?_PCDANTICOLL?RC522
            XDATA   019AH     0018H     UNIT         ?XD?_PCDVALUE?RC522
            XDATA   01B2H     0017H     UNIT         ?XD?_PCDSELECT?RC522
            XDATA   01C9H     0017H     UNIT         ?XD?_PCDREAD?RC522
            XDATA   01E0H     0017H     UNIT         ?XD?_PCDWRITE?RC522
            XDATA   01F7H     0015H     UNIT         ?XD?_PCDBAKVALUE?RC522
            XDATA   020CH     0015H     UNIT         ?XD?PCDHALT?RC522
            XDATA   0221H     0008H     UNIT         ?XD?_CALULATECRC?RC522
BL51 BANKED LINKER/LOCATER V6.22                                                      05/17/2017  12:41:03  PAGE 2


            XDATA   0229H     0007H     UNIT         ?XD?_WRITE1616GDRAM?LCD12864
            XDATA   0230H     0006H     UNIT         ?XD?_WRITE1632GDRAM?LCD12864
            XDATA   0236H     0004H     UNIT         ?XD?_SET1616PIC?LCD12864

            * * * * * * *   C O D E   M E M O R Y   * * * * * * *
            CODE    0000H     0003H     ABSOLUTE     
            CODE    0003H     0007H     UNIT         ?PR?PCDANTENNAOFF?RC522
                    000AH     0001H                  *** GAP ***
            CODE    000BH     0003H     ABSOLUTE     
            CODE    000EH     0015H     UNIT         ?PR?_DELAYM?MAIN
            CODE    0023H     0003H     ABSOLUTE     
            CODE    0026H     0365H     UNIT         ?PR?PRINTF?PRINTF
            CODE    038BH     02EFH     UNIT         ?PR?DATA_DISPLAY_1?MAIN
            CODE    067AH     0247H     UNIT         ?C?LIB_CODE
            CODE    08C1H     0219H     UNIT         ?PR?_PCDCOMMF522?RC522
            CODE    0ADAH     01A0H     UNIT         ?PR?ANALYSIS_DATA?MAIN
            CODE    0C7AH     0132H     UNIT         ?PR?_PCDBAKVALUE?RC522
            CODE    0DACH     00FBH     UNIT         ?PR?_PCDWRITE?RC522
            CODE    0EA7H     00C5H     UNIT         ?PR?SERIAL?MAIN
            CODE    0F6CH     00BFH     UNIT         ?PR?_WRITE1632GDRAM?LCD12864
            CODE    102BH     00BFH     UNIT         ?PR?_PCDVALUE?RC522
            CODE    10EAH     00BDH     UNIT         ?PR?_PCDANTICOLL?RC522
            CODE    11A7H     00B4H     UNIT         ?PR?_CALULATECRC?RC522
            CODE    125BH     00B0H     UNIT         ?PR?_PCDSELECT?RC522
            CODE    130BH     00A6H     UNIT         ?PR?_PCDAUTHSTATE?RC522
            CODE    13B1H     0096H     UNIT         ?PR?_WRITE1616GDRAM?LCD12864
            CODE    1447H     008CH     UNIT         ?PR?_PCDREAD?RC522
            CODE    14D3H     008CH     UNIT         ?C_C51STARTUP
            CODE    155FH     0088H     UNIT         ?PR?_PCDREQUEST?RC522
            CODE    15E7H     0085H     UNIT         ?PR?_CHKCRC?MAIN
            CODE    166CH     0080H     UNIT         ?PR?MAIN?MAIN
            CODE    16ECH     0071H     UNIT         ?CO?LCD12864
            CODE    175DH     005FH     UNIT         ?PR?DISPLAY_WELCOME2?12864
            CODE    17BCH     0057H     UNIT         ?CO?MAIN
            CODE    1813H     0052H     UNIT         ?PR?PCDHALT?RC522
            CODE    1865H     0048H     UNIT         ?PR?READ_DATA?MAIN
            CODE    18ADH     0046H     UNIT         ?PR?_LCD_DATA?12864
            CODE    18F3H     0045H     UNIT         ?CO?12864
            CODE    1938H     0044H     UNIT         ?PR?PCDRESET?RC522
            CODE    197CH     0043H     UNIT         ?PR?_READRAWRC?RC522
            CODE    19BFH     003FH     UNIT         ?PR?_WRITERAWRC?RC522
            CODE    19FEH     003DH     UNIT         ?PR?_SEND_STRING_COM?MAIN
            CODE    1A3BH     0035H     UNIT         ?PR?_SET1616PIC?LCD12864
            CODE    1A70H     0032H     UNIT         ?PR?DISPLAY_TYPE?12864
            CODE    1AA2H     0030H     UNIT         ?PR?LCM_CLR2?LCD12864
            CODE    1AD2H     002CH     UNIT         ?PR?CLEAN_12864_GDRAM?LCD12864
            CODE    1AFEH     002AH     UNIT         ?PR?_CALCCRC?MAIN
            CODE    1B28H     002AH     UNIT         ?PR?DISPLAY_CARDNUM?12864
            CODE    1B52H     0029H     UNIT         ?PR?TIMER0?MAIN
            CODE    1B7BH     0027H     UNIT         ?PR?_LCD_POS?12864
            CODE    1BA2H     0027H     UNIT         ?PR?PUTCHAR?PUTCHAR
            CODE    1BC9H     0026H     UNIT         ?PR?_DELAY?12864
            CODE    1BEFH     0026H     UNIT         ?PR?LCD_INIT?12864
            CODE    1C15H     0022H     UNIT         ?PR?_WRITE_DATA?LCD12864
            CODE    1C37H     001EH     UNIT         ?PR?_DELAY1?MAIN
            CODE    1C55H     001EH     UNIT         ?PR?_DELAY2?RC522
            CODE    1C73H     001CH     UNIT         ?PR?_LCD_WCMD?12864
BL51 BANKED LINKER/LOCATER V6.22                                                      05/17/2017  12:41:03  PAGE 3


            CODE    1C8FH     001BH     UNIT         ?PR?LCM_INIT?LCD12864
            CODE    1CAAH     001AH     UNIT         ?PR?_LCD_WDAT?12864
            CODE    1CC4H     0018H     UNIT         ?PR?TIMER0INIT?MAIN
            CODE    1CDCH     0016H     UNIT         ?PR?_LCM_W_WORD?LCD12864
            CODE    1CF2H     0014H     UNIT         ?PR?LCD_BUSY?12864
            CODE    1D06H     0013H     UNIT         ?PR?LCM_W_TEST?LCD12864
            CODE    1D19H     0013H     UNIT         ?PR?_CLEARBITMASK?RC522
            CODE    1D2CH     0012H     UNIT         ?PR?INIT_SER?MAIN
            CODE    1D3EH     0012H     UNIT         ?PR?INITFUNC?MAIN
            CODE    1D50H     0012H     UNIT         ?PR?INITIALIZESYSTEM?MAIN
            CODE    1D62H     0012H     UNIT         ?PR?_WRITE_COM?LCD12864
            CODE    1D74H     0012H     UNIT         ?PR?INIT_12864_GDRAM?LCD12864
            CODE    1D86H     0012H     UNIT         ?PR?PCDANTENNAON?RC522
            CODE    1D98H     0011H     UNIT         ?PR?CHK_BUSY?LCD12864
            CODE    1DA9H     000EH     UNIT         ?PR?_SEND_CHAR_COM?MAIN
            CODE    1DB7H     000DH     UNIT         ?PR?_SETBITMASK?RC522
            CODE    1DC4H     0006H     UNIT         ?PR?DATA_DISPLAY_2?MAIN
            CODE    1DCAH     0005H     UNIT         ?C_INITSEG
            CODE    1DCFH     0005H     UNIT         ?PR?LCM_CLR?LCD12864



OVERLAY MAP OF MODULE:   BowenQQ (MAIN)


SEGMENT                                   BIT_GROUP          DATA_GROUP          XDATA_GROUP
  +--> CALLED SEGMENT                  START    LENGTH     START    LENGTH     START    LENGTH
----------------------------------------------------------------------------------------------
?PR?SERIAL?MAIN                        -----    -----      -----    -----      -----    -----
  +--> ?PR?_CHKCRC?MAIN

?PR?_CHKCRC?MAIN                       -----    -----      -----    -----      0100H    0008H
  +--> ?PR?_CALCCRC?MAIN

*** NEW ROOT ***************************************************

?C_C51STARTUP                          -----    -----      -----    -----      -----    -----
  +--> ?PR?MAIN?MAIN
  +--> ?C_INITSEG

?PR?MAIN?MAIN                          -----    -----      -----    -----      -----    -----
  +--> ?PR?INITFUNC?MAIN
  +--> ?PR?INITIALIZESYSTEM?MAIN
  +--> ?PR?PCDRESET?RC522
  +--> ?PR?PCDANTENNAOFF?RC522
  +--> ?PR?PCDANTENNAON?RC522
  +--> ?PR?DISPLAY_WELCOME2?12864
  +--> ?PR?_DELAYM?MAIN
  +--> ?PR?LCM_CLR?LCD12864
  +--> ?PR?ANALYSIS_DATA?MAIN
  +--> ?PR?READ_DATA?MAIN
  +--> ?PR?DATA_DISPLAY_1?MAIN
  +--> ?PR?_PCDREQUEST?RC522
  +--> ?PR?DATA_DISPLAY_2?MAIN

?PR?INITFUNC?MAIN                      -----    -----      -----    -----      -----    -----
  +--> ?PR?LCM_INIT?LCD12864
BL51 BANKED LINKER/LOCATER V6.22                                                      05/17/2017  12:41:03  PAGE 4


  +--> ?PR?LCM_CLR?LCD12864

?PR?LCM_INIT?LCD12864                  -----    -----      -----    -----      -----    -----
  +--> ?PR?_WRITE_COM?LCD12864
  +--> ?PR?LCM_CLR?LCD12864
  +--> ?PR?LCM_CLR2?LCD12864

?PR?_WRITE_COM?LCD12864                -----    -----      -----    -----      -----    -----
  +--> ?PR?CHK_BUSY?LCD12864

?PR?LCM_CLR?LCD12864                   -----    -----      -----    -----      -----    -----
  +--> ?PR?_WRITE_COM?LCD12864

?PR?LCM_CLR2?LCD12864                  -----    -----      -----    -----      -----    -----
  +--> ?PR?LCM_W_TEST?LCD12864
  +--> ?CO?LCD12864
  +--> ?PR?_LCM_W_WORD?LCD12864

?PR?LCM_W_TEST?LCD12864                0020H.0  0000H.1    -----    -----      0100H    0001H
  +--> ?PR?_WRITE_COM?LCD12864
  +--> ?PR?_WRITE_DATA?LCD12864

?PR?_WRITE_DATA?LCD12864               -----    -----      -----    -----      -----    -----
  +--> ?PR?CHK_BUSY?LCD12864

?PR?_LCM_W_WORD?LCD12864               -----    -----      -----    -----      -----    -----
  +--> ?PR?_WRITE_DATA?LCD12864

?PR?INITIALIZESYSTEM?MAIN              -----    -----      -----    -----      -----    -----
  +--> ?PR?INIT_SER?MAIN
  +--> ?PR?TIMER0INIT?MAIN

?PR?PCDRESET?RC522                     -----    -----      -----    -----      -----    -----
  +--> ?PR?_DELAY2?RC522
  +--> ?PR?_WRITERAWRC?RC522

?PR?PCDANTENNAOFF?RC522                -----    -----      -----    -----      -----    -----
  +--> ?PR?_CLEARBITMASK?RC522

?PR?_CLEARBITMASK?RC522                -----    -----      -----    -----      -----    -----
  +--> ?PR?_READRAWRC?RC522
  +--> ?PR?_WRITERAWRC?RC522

?PR?PCDANTENNAON?RC522                 -----    -----      -----    -----      -----    -----
  +--> ?PR?_READRAWRC?RC522
  +--> ?PR?_SETBITMASK?RC522

?PR?_SETBITMASK?RC522                  -----    -----      -----    -----      -----    -----
  +--> ?PR?_READRAWRC?RC522
  +--> ?PR?_WRITERAWRC?RC522

?PR?DISPLAY_WELCOME2?12864             -----    -----      -----    -----      -----    -----
  +--> ?PR?_DELAY?12864
  +--> ?PR?_LCD_POS?12864
  +--> ?CO?12864
  +--> ?PR?_LCD_WDAT?12864

BL51 BANKED LINKER/LOCATER V6.22                                                      05/17/2017  12:41:03  PAGE 5


?PR?_DELAY?12864                       -----    -----      -----    -----      0100H    0001H

?PR?_LCD_POS?12864                     -----    -----      -----    -----      -----    -----
  +--> ?PR?_LCD_WCMD?12864

?PR?_LCD_WCMD?12864                    -----    -----      -----    -----      -----    -----
  +--> ?PR?LCD_BUSY?12864

?PR?LCD_BUSY?12864                     0020H.0  0000H.1    -----    -----      -----    -----

?PR?_LCD_WDAT?12864                    -----    -----      -----    -----      -----    -----
  +--> ?PR?LCD_BUSY?12864

?PR?READ_DATA?MAIN                     -----    -----      -----    -----      -----    -----
  +--> ?PR?_CHKCRC?MAIN
  +--> ?PR?_SEND_STRING_COM?MAIN

?PR?_SEND_STRING_COM?MAIN              -----    -----      -----    -----      0100H    0005H
  +--> ?PR?_SEND_CHAR_COM?MAIN

?PR?DATA_DISPLAY_1?MAIN                -----    -----      -----    -----      0100H    003CH
  +--> ?PR?_WRITE_COM?LCD12864
  +--> ?CO?MAIN
  +--> ?PR?_LCM_W_WORD?LCD12864
  +--> ?PR?PRINTF?PRINTF

?PR?PRINTF?PRINTF                      0020H.0  0001H.1    0008H    0005H      013CH    0028H
  +--> ?PR?PUTCHAR?PUTCHAR

?PR?_PCDREQUEST?RC522                  -----    -----      -----    -----      0100H    0018H
  +--> ?PR?_CLEARBITMASK?RC522
  +--> ?PR?_WRITERAWRC?RC522
  +--> ?PR?_SETBITMASK?RC522
  +--> ?PR?_PCDCOMMF522?RC522

?PR?_PCDCOMMF522?RC522                 -----    -----      -----    -----      0118H    0011H
  +--> ?PR?_WRITERAWRC?RC522
  +--> ?PR?_CLEARBITMASK?RC522
  +--> ?PR?_SETBITMASK?RC522
  +--> ?PR?_READRAWRC?RC522

?PR?DATA_DISPLAY_2?MAIN                -----    -----      -----    -----      -----    -----
  +--> ?PR?DISPLAY_TYPE?12864
  +--> ?PR?DISPLAY_CARDNUM?12864

?PR?DISPLAY_TYPE?12864                 -----    -----      -----    -----      -----    -----
  +--> ?PR?_LCD_WCMD?12864
  +--> ?PR?_DELAY?12864
  +--> ?PR?_LCD_POS?12864
  +--> ?CO?12864
  +--> ?PR?_LCD_WDAT?12864
  +--> ?PR?_LCD_DATA?12864

?PR?_LCD_DATA?12864                    -----    -----      -----    -----      -----    -----
  +--> ?PR?_LCD_WDAT?12864

?PR?DISPLAY_CARDNUM?12864              -----    -----      -----    -----      -----    -----
BL51 BANKED LINKER/LOCATER V6.22                                                      05/17/2017  12:41:03  PAGE 6


  +--> ?PR?_DELAY?12864
  +--> ?PR?_LCD_POS?12864
  +--> ?CO?12864
  +--> ?PR?_LCD_WDAT?12864
  +--> ?PR?_LCD_DATA?12864



SYMBOL TABLE OF MODULE:  BowenQQ (MAIN)

  VALUE           TYPE          NAME
  ----------------------------------

  -------         MODULE        MAIN
  C:0000H         SYMBOL        _ICE_DUMMY_
  B:00A0H.4       PUBLIC        K4
  D:0080H         PUBLIC        P0
  D:0090H         PUBLIC        P1
  D:00A0H         PUBLIC        P2
  D:00B0H         PUBLIC        P3
  C:0EA7H         PUBLIC        serial
  B:00A8H.7       PUBLIC        EA
  X:0000H         PUBLIC        FirstFlag
  C:038BH         PUBLIC        data_display_1
  C:1DC4H         PUBLIC        data_display_2
  X:0001H         PUBLIC        Power_data
  D:00A8H         PUBLIC        IE
  X:0005H         PUBLIC        crcnow
  B:00A8H.4       PUBLIC        ES
  D:00B8H         PUBLIC        IP
  C:1865H         PUBLIC        read_data
  B:0098H.0       PUBLIC        RI
  X:0007H         PUBLIC        Energy_data1
  B:0098H.1       PUBLIC        TI
  C:1D50H         PUBLIC        InitializeSystem
  C:1D3EH         PUBLIC        InitFunc
  C:166CH         PUBLIC        main
  X:000BH         PUBLIC        status
  D:0099H         PUBLIC        SBUF
  D:0087H         PUBLIC        PCON
  C:1B52H         PUBLIC        Timer0
  D:0098H         PUBLIC        SCON
  D:0089H         PUBLIC        TMOD
  D:0088H         PUBLIC        TCON
  X:000CH         PUBLIC        Timer0_1sFlag
  C:000EH         PUBLIC        _DelayM
  X:000DH         PUBLIC        USART1_Buf
  X:0038H         PUBLIC        Timer0Count
  C:1C37H         PUBLIC        _delay1
  C:0ADAH         PUBLIC        Analysis_data
  C:19FEH         PUBLIC        _send_string_com
  B:00A8H.1       PUBLIC        ET0
  C:1CC4H         PUBLIC        Timer0Init
  D:008CH         PUBLIC        TH0
  C:17F9H         PUBLIC        data1
  D:008DH         PUBLIC        TH1
  C:1DA9H         PUBLIC        _send_char_com
BL51 BANKED LINKER/LOCATER V6.22                                                      05/17/2017  12:41:03  PAGE 7


  C:1809H         PUBLIC        data2
  C:1AFEH         PUBLIC        _calccrc
  D:008AH         PUBLIC        TL0
  X:0039H         PUBLIC        Voltage_data
  B:0088H.4       PUBLIC        TR0
  X:003DH         PUBLIC        USART1_ReFlag
  B:0088H.6       PUBLIC        TR1
  X:003EH         PUBLIC        dispbuff
  B:0090H.7       PUBLIC        BLK
  X:005EH         PUBLIC        USART_RX_BUF
  X:009EH         PUBLIC        USART_TX_BUF
  C:1D2CH         PUBLIC        init_ser
  D:00C8H         PUBLIC        T2CON
  X:00DEH         PUBLIC        j
  X:00DFH         PUBLIC        Energy_data
  C:15E7H         PUBLIC        _chkcrc
  C:180DH         PUBLIC        DefaultKey
  X:00E3H         PUBLIC        g_ucTempbuf
  X:00F7H         PUBLIC        K1Flag
  D:00D0H         PUBLIC        PSW
  B:00A0H.7       PUBLIC        K1
  B:00A0H.6       PUBLIC        K2
  B:00A0H.5       PUBLIC        K3
  -------         PROC          _DELAY1
  D:0006H         SYMBOL        z
  -------         DO            
  D:0006H         SYMBOL        x
  D:0004H         SYMBOL        y
  -------         ENDDO         
  C:1C37H         LINE#         46
  C:1C37H         LINE#         47
  C:1C37H         LINE#         49
  C:1C40H         LINE#         50
  C:1C54H         LINE#         51
  -------         ENDPROC       _DELAY1
  -------         PROC          _DELAYM
  D:0006H         SYMBOL        a
  -------         DO            
  D:0005H         SYMBOL        i
  -------         ENDDO         
  C:000EH         LINE#         54
  C:000EH         LINE#         55
  C:000EH         LINE#         57
  C:0022H         LINE#         58
  -------         ENDPROC       _DELAYM
  -------         PROC          TIMER0INIT
  C:1CC4H         LINE#         60
  C:1CC4H         LINE#         61
  C:1CC4H         LINE#         62
  C:1CC7H         LINE#         63
  C:1CCAH         LINE#         64
  C:1CCDH         LINE#         65
  C:1CCFH         LINE#         66
  C:1CD1H         LINE#         67
  C:1CD3H         LINE#         68
  C:1CD7H         LINE#         69
  C:1CDBH         LINE#         70
BL51 BANKED LINKER/LOCATER V6.22                                                      05/17/2017  12:41:03  PAGE 8


  -------         ENDPROC       TIMER0INIT
  -------         PROC          TIMER0
  C:1B52H         LINE#         72
  C:1B5AH         LINE#         74
  C:1B5DH         LINE#         75
  C:1B60H         LINE#         76
  C:1B6BH         LINE#         77
  C:1B6BH         LINE#         78
  C:1B6DH         LINE#         79
  C:1B72H         LINE#         80
  C:1B72H         LINE#         81
  -------         ENDPROC       TIMER0
  -------         PROC          INIT_SER
  C:1D2CH         LINE#         83
  C:1D2CH         LINE#         84
  C:1D2CH         LINE#         85
  C:1D2FH         LINE#         86
  C:1D32H         LINE#         87
  C:1D35H         LINE#         88
  C:1D38H         LINE#         90
  C:1D3BH         LINE#         91
  C:1D3DH         LINE#         92
  -------         ENDPROC       INIT_SER
  -------         PROC          _SEND_CHAR_COM
  D:0007H         SYMBOL        ch
  C:1DA9H         LINE#         96
  C:1DA9H         LINE#         97
  C:1DA9H         LINE#         98
  C:1DABH         LINE#         99
  C:1DADH         LINE#         100
  C:1DAFH         LINE#         101
  C:1DB2H         LINE#         102
  C:1DB4H         LINE#         103
  C:1DB6H         LINE#         104
  -------         ENDPROC       _SEND_CHAR_COM
  -------         PROC          _SEND_STRING_COM
  X:0100H         SYMBOL        str
  X:0103H         SYMBOL        strlen
  -------         DO            
  D:0004H         SYMBOL        k
  -------         ENDDO         
  C:19FEH         LINE#         108
  C:1A0FH         LINE#         109
  C:1A0FH         LINE#         110
  C:1A12H         LINE#         112
  C:1A12H         LINE#         113
  C:1A28H         LINE#         114
  C:1A2DH         LINE#         115
  C:1A2DH         LINE#         116
  C:1A3AH         LINE#         117
  -------         ENDPROC       _SEND_STRING_COM
  -------         PROC          _CALCCRC
  D:0007H         SYMBOL        crcbuf
  D:0004H         SYMBOL        crc
  -------         DO            
  D:0003H         SYMBOL        i
  D:0002H         SYMBOL        chk
BL51 BANKED LINKER/LOCATER V6.22                                                      05/17/2017  12:41:03  PAGE 9


  -------         ENDDO         
  C:1AFEH         LINE#         118
  C:1AFEH         LINE#         119
  C:1AFEH         LINE#         122
  C:1B01H         LINE#         123
  C:1B03H         LINE#         124
  C:1B03H         LINE#         125
  C:1B07H         LINE#         126
  C:1B0EH         LINE#         127
  C:1B12H         LINE#         128
  C:1B16H         LINE#         129
  C:1B1EH         LINE#         130
  C:1B1EH         LINE#         131
  C:1B23H         LINE#         132
  C:1B27H         LINE#         133
  -------         ENDPROC       _CALCCRC
  -------         PROC          _CHKCRC
  X:0100H         SYMBOL        buf
  X:0103H         SYMBOL        len
  -------         DO            
  D:0005H         SYMBOL        hi
  D:0004H         SYMBOL        lo
  X:0104H         SYMBOL        i
  X:0106H         SYMBOL        crc
  -------         ENDDO         
  C:15E7H         LINE#         136
  C:15F5H         LINE#         137
  C:15F5H         LINE#         141
  C:15FDH         LINE#         142
  C:1617H         LINE#         143
  C:1617H         LINE#         144
  C:1639H         LINE#         145
  C:1643H         LINE#         146
  C:1653H         LINE#         147
  C:165BH         LINE#         148
  C:165DH         LINE#         149
  C:166BH         LINE#         150
  C:166BH         LINE#         151
  -------         ENDPROC       _CHKCRC
  -------         PROC          READ_DATA
  C:1865H         LINE#         176
  C:1865H         LINE#         177
  C:1865H         LINE#         184
  C:1865H         LINE#         186
  C:186BH         LINE#         187
  C:186FH         LINE#         188
  C:1872H         LINE#         189
  C:1876H         LINE#         190
  C:1879H         LINE#         191
  C:187DH         LINE#         192
  C:1890H         LINE#         193
  C:1898H         LINE#         194
  C:18A0H         LINE#         195
  -------         ENDPROC       READ_DATA
  -------         PROC          ANALYSIS_DATA
  -------         DO            
  D:0007H         SYMBOL        i
BL51 BANKED LINKER/LOCATER V6.22                                                      05/17/2017  12:41:03  PAGE 10


  -------         ENDDO         
  C:0ADAH         LINE#         221
  C:0ADAH         LINE#         222
  C:0ADAH         LINE#         229
  C:0AE5H         LINE#         230
  C:0AE5H         LINE#         231
  C:0AE6H         LINE#         232
  C:0AEAH         LINE#         234
  C:0AEAH         LINE#         237
  C:0AEAH         LINE#         238
  C:0B5EH         LINE#         240
  C:0BD2H         LINE#         241
  C:0C46H         LINE#         242
  C:0C63H         LINE#         245
  C:0C63H         LINE#         246
  C:0C63H         LINE#         247
  C:0C6BH         LINE#         248
  C:0C6BH         LINE#         249
  C:0C77H         LINE#         250
  C:0C79H         LINE#         251
  C:0C79H         LINE#         252
  -------         ENDPROC       ANALYSIS_DATA
  -------         PROC          SERIAL
  C:0EA7H         LINE#         277
  C:0EC4H         LINE#         279
  C:0ECAH         LINE#         280
  C:0ECAH         LINE#         281
  C:0ECCH         LINE#         282
  C:0EE0H         LINE#         283
  C:0EE7H         LINE#         284
  C:0EE7H         LINE#         285
  C:0EEFH         LINE#         286
  C:0EF4H         LINE#         287
  C:0EF4H         LINE#         288
  C:0EFBH         LINE#         289
  C:0EFBH         LINE#         290
  C:0F03H         LINE#         291
  C:0F08H         LINE#         292
  C:0F08H         LINE#         294
  C:0F10H         LINE#         295
  C:0F10H         LINE#         296
  C:0F23H         LINE#         297
  C:0F3BH         LINE#         298
  C:0F3BH         LINE#         299
  C:0F41H         LINE#         300
  C:0F46H         LINE#         301
  C:0F46H         LINE#         303
  C:0F46H         LINE#         304
  C:0F4FH         LINE#         305
  C:0F4FH         LINE#         306
  C:0F51H         LINE#         307
  C:0F51H         LINE#         308
  C:0F51H         LINE#         309
  -------         ENDPROC       SERIAL
  -------         PROC          DATA_DISPLAY_1
  -------         DO            
  X:0100H         SYMBOL        temp
BL51 BANKED LINKER/LOCATER V6.22                                                      05/17/2017  12:41:03  PAGE 11


  X:0104H         SYMBOL        temp1
  X:0108H         SYMBOL        Power_H
  X:010CH         SYMBOL        Power_L1
  X:0110H         SYMBOL        Power_L2
  X:0114H         SYMBOL        Voltage_H
  X:0118H         SYMBOL        Voltage_L
  X:011CH         SYMBOL        Energy_H
  X:0120H         SYMBOL        Energy_L1
  X:0124H         SYMBOL        Energy_L2
  X:0128H         SYMBOL        Energy_L3
  X:012CH         SYMBOL        xiaofei_H
  X:0130H         SYMBOL        xiaofei_L1
  X:0134H         SYMBOL        xiaofei_L2
  X:0138H         SYMBOL        xiaofei_L3
  -------         ENDDO         
  C:038BH         LINE#         311
  C:038BH         LINE#         312
  C:038BH         LINE#         319
  C:03A9H         LINE#         320
  C:03D8H         LINE#         322
  C:03F6H         LINE#         323
  C:0425H         LINE#         326
  C:0442H         LINE#         327
  C:045FH         LINE#         328
  C:0484H         LINE#         332
  C:04A1H         LINE#         333
  C:04BEH         LINE#         334
  C:04E3H         LINE#         338
  C:04E8H         LINE#         339
  C:04EDH         LINE#         340
  C:04F2H         LINE#         342
  C:0500H         LINE#         343
  C:050EH         LINE#         344
  C:051CH         LINE#         345
  C:052AH         LINE#         347
  C:052FH         LINE#         348
  C:0557H         LINE#         349
  C:0560H         LINE#         350
  C:0569H         LINE#         351
  C:0591H         LINE#         352
  C:059AH         LINE#         364
  C:059FH         LINE#         365
  C:05C7H         LINE#         366
  C:05D0H         LINE#         367
  C:05D9H         LINE#         368
  C:0601H         LINE#         369
  C:060AH         LINE#         375
  C:060FH         LINE#         376
  C:0637H         LINE#         377
  C:0640H         LINE#         378
  C:0649H         LINE#         379
  C:0671H         LINE#         380
  -------         ENDPROC       DATA_DISPLAY_1
  -------         PROC          DATA_DISPLAY_2
  C:1DC4H         LINE#         387
  C:1DC4H         LINE#         388
  C:1DC4H         LINE#         389
BL51 BANKED LINKER/LOCATER V6.22                                                      05/17/2017  12:41:03  PAGE 12


  C:1DC7H         LINE#         390
  -------         ENDPROC       DATA_DISPLAY_2
  -------         PROC          INITFUNC
  C:1D3EH         LINE#         396
  C:1D3EH         LINE#         397
  C:1D3EH         LINE#         398
  C:1D40H         LINE#         399
  C:1D42H         LINE#         400
  C:1D44H         LINE#         401
  C:1D46H         LINE#         402
  C:1D48H         LINE#         403
  C:1D4AH         LINE#         404
  C:1D4DH         LINE#         405
  -------         ENDPROC       INITFUNC
  -------         PROC          INITIALIZESYSTEM
  C:1D50H         LINE#         410
  C:1D50H         LINE#         411
  C:1D50H         LINE#         412
  C:1D5CH         LINE#         413
  C:1D5FH         LINE#         414
  -------         ENDPROC       INITIALIZESYSTEM
  -------         PROC          MAIN
  C:166CH         LINE#         435
  C:166CH         LINE#         436
  C:166CH         LINE#         438
  C:166FH         LINE#         439
  C:1672H         LINE#         440
  C:1675H         LINE#         441
  C:1678H         LINE#         442
  C:167BH         LINE#         443
  C:167EH         LINE#         445
  C:167EH         LINE#         446
  C:167EH         LINE#         447
  C:1681H         LINE#         448
  C:1681H         LINE#         449
  C:1688H         LINE#         450
  C:168BH         LINE#         451
  C:168BH         LINE#         453
  C:168EH         LINE#         454
  C:168EH         LINE#         455
  C:168EH         LINE#         456
  C:1691H         LINE#         457
  C:1698H         LINE#         458
  C:1698H         LINE#         459
  C:169AH         LINE#         460
  C:169DH         LINE#         461
  C:169DH         LINE#         462
  C:16A4H         LINE#         463
  C:16A7H         LINE#         464
  C:16AAH         LINE#         465
  C:16AAH         LINE#         466
  C:16ACH         LINE#         467
  C:16AEH         LINE#         468
  C:16B0H         LINE#         469
  C:16B0H         LINE#         470
  C:16B0H         LINE#         471
  C:16B0H         LINE#         472
BL51 BANKED LINKER/LOCATER V6.22                                                      05/17/2017  12:41:03  PAGE 13


  C:16B0H         LINE#         474
  C:16B3H         LINE#         475
  C:16B3H         LINE#         476
  C:16BAH         LINE#         477
  C:16BDH         LINE#         478
  C:16BDH         LINE#         480
  C:16BDH         LINE#         481
  C:16BDH         LINE#         482
  C:16CDH         LINE#         483
  C:16CFH         LINE#         484
  C:16CFH         LINE#         485
  C:16D2H         LINE#         486
  C:16D5H         LINE#         487
  C:16D8H         LINE#         488
  C:16DBH         LINE#         489
  C:16DDH         LINE#         490
  C:16DDH         LINE#         491
  C:16E0H         LINE#         492
  C:16E3H         LINE#         493
  C:16E6H         LINE#         494
  C:16E6H         LINE#         495
  C:16E8H         LINE#         496
  C:16EAH         LINE#         498
  -------         ENDPROC       MAIN
  -------         ENDMOD        MAIN

  -------         MODULE        LCD12864
  C:0000H         SYMBOL        _ICE_DUMMY_
  D:0080H         PUBLIC        P0
  D:0090H         PUBLIC        P1
  D:00A0H         PUBLIC        P2
  D:00B0H         PUBLIC        P3
  D:00A8H         PUBLIC        IE
  C:16FDH         PUBLIC        bmp1616
  C:1AA2H         PUBLIC        lcm_clr2
  D:00B8H         PUBLIC        IP
  C:1AD2H         PUBLIC        Clean_12864_GDRAM
  B:00B0H.4       PUBLIC        LCM_PSB
  C:1C29H         PUBLIC        _write_data
  C:1CDCH         PUBLIC        _lcm_w_word
  D:0098H         PUBLIC        SCON
  D:0088H         PUBLIC        TCON
  B:00B0H.3       PUBLIC        LCM_RST
  C:1D0AH         PUBLIC        lcm_w_test
  C:1D66H         PUBLIC        _write_com
  B:0090H.4       PUBLIC        LCM_EN
  C:1C8FH         PUBLIC        lcm_init
  C:1A3BH         PUBLIC        _set1616pic
  C:1D98H         PUBLIC        chk_busy
  C:1DCFH         PUBLIC        lcm_clr
  B:0090H.5       PUBLIC        LCM_RS
  B:0090H.6       PUBLIC        LCM_RW
  D:00C8H         PUBLIC        T2CON
  C:0F6CH         PUBLIC        _write1632GDRAM
  C:1D74H         PUBLIC        init_12864_GDRAM
  C:13B1H         PUBLIC        _write1616GDRAM
  D:00D0H         PUBLIC        PSW
BL51 BANKED LINKER/LOCATER V6.22                                                      05/17/2017  12:41:03  PAGE 14


  -------         PROC          CHK_BUSY
  C:1D98H         LINE#         23
  C:1D98H         LINE#         24
  C:1D98H         LINE#         25
  C:1D9EH         LINE#         26
  C:1DA1H         LINE#         27
  C:1DA6H         LINE#         28
  C:1DA8H         LINE#         29
  -------         ENDPROC       CHK_BUSY
  C:1D62H         SYMBOL        L?0070
  -------         PROC          L?0069
  -------         ENDPROC       L?0069
  C:1D62H         SYMBOL        L?0070
  -------         PROC          _WRITE_COM
  D:0007H         SYMBOL        cmdcode
  C:1D66H         LINE#         31
  C:1D66H         LINE#         32
  C:1D66H         LINE#         33
  C:1D69H         LINE#         34
  C:1D6FH         LINE#         35
  C:1D71H         LINE#         36
  C:1D73H         LINE#         37
  -------         ENDPROC       _WRITE_COM
  C:1C15H         SYMBOL        L?0067
  -------         PROC          L?0066
  -------         ENDPROC       L?0066
  C:1C15H         SYMBOL        L?0067
  -------         PROC          _WRITE_DATA
  D:0007H         SYMBOL        Dispdata
  C:1C29H         LINE#         39
  C:1C29H         LINE#         40
  C:1C29H         LINE#         41
  C:1C2CH         LINE#         42
  C:1C32H         LINE#         43
  C:1C34H         LINE#         44
  C:1C36H         LINE#         45
  -------         ENDPROC       _WRITE_DATA
  -------         PROC          _LCM_W_WORD
  D:0001H         SYMBOL        s
  C:1CDCH         LINE#         47
  C:1CDCH         LINE#         48
  C:1CDCH         LINE#         49
  C:1CF1H         LINE#         50
  -------         ENDPROC       _LCM_W_WORD
  -------         PROC          L?0068
  -------         ENDPROC       L?0068
  -------         PROC          LCM_W_TEST
  B:0020H.0       SYMBOL        i
  X:0100H         SYMBOL        word
  C:1D0AH         LINE#         52
  C:1D0AH         LINE#         53
  C:1D12H         LINE#         54
  C:1D15H         LINE#         55
  C:1D15H         LINE#         56
  C:1D18H         LINE#         57
  C:1D18H         LINE#         58
  -------         ENDPROC       LCM_W_TEST
BL51 BANKED LINKER/LOCATER V6.22                                                      05/17/2017  12:41:03  PAGE 15


  -------         PROC          LCM_CLR
  C:1DCFH         LINE#         60
  C:1DCFH         LINE#         61
  C:1DCFH         LINE#         62
  -------         ENDPROC       LCM_CLR
  -------         PROC          LCM_CLR2
  C:1AA2H         LINE#         67
  C:1AA2H         LINE#         68
  C:1AA9H         LINE#         69
  C:1AB2H         LINE#         71
  C:1AB9H         LINE#         72
  C:1AC0H         LINE#         74
  C:1ACBH         LINE#         75
  -------         ENDPROC       LCM_CLR2
  -------         PROC          LCM_INIT
  C:1C8FH         LINE#         80
  C:1C8FH         LINE#         81
  C:1C8FH         LINE#         82
  C:1C91H         LINE#         83
  C:1C93H         LINE#         84
  C:1C95H         LINE#         85
  C:1C9AH         LINE#         86
  C:1C9FH         LINE#         87
  C:1CA2H         LINE#         88
  C:1CA7H         LINE#         89
  -------         ENDPROC       LCM_INIT
  -------         PROC          _WRITE1616GDRAM
  X:0229H         SYMBOL        x
  D:0005H         SYMBOL        y
  X:022BH         SYMBOL        sign
  X:022CH         SYMBOL        bmp
  -------         DO            
  D:0006H         SYMBOL        i
  D:0004H         SYMBOL        j
  X:022FH         SYMBOL        basex
  -------         ENDDO         
  C:13B1H         LINE#         94
  C:13BBH         LINE#         95
  C:13BBH         LINE#         97
  C:13C0H         LINE#         98
  C:13C9H         LINE#         99
  C:13C9H         LINE#         100
  C:13CFH         LINE#         101
  C:13D5H         LINE#         102
  C:13D5H         LINE#         103
  C:13DEH         LINE#         104
  C:13DEH         LINE#         105
  C:13E4H         LINE#         106
  C:13EBH         LINE#         107
  C:13EBH         LINE#         108
  C:13EDH         LINE#         109
  C:13EDH         LINE#         110
  C:13F5H         LINE#         111
  C:1404H         LINE#         113
  C:1406H         LINE#         114
  C:1406H         LINE#         115
  C:140DH         LINE#         116
BL51 BANKED LINKER/LOCATER V6.22                                                      05/17/2017  12:41:03  PAGE 16


  C:1421H         LINE#         118
  C:1438H         LINE#         119
  C:143DH         LINE#         120
  C:1442H         LINE#         121
  -------         ENDPROC       _WRITE1616GDRAM
  -------         PROC          _SET1616PIC
  X:0236H         SYMBOL        x
  X:0237H         SYMBOL        y
  X:0238H         SYMBOL        sign
  X:0239H         SYMBOL        tt
  -------         DO            
  D:0001H         SYMBOL        pp
  -------         ENDDO         
  C:1A3BH         LINE#         129
  C:1A46H         LINE#         130
  C:1A46H         LINE#         132
  C:1A4AH         LINE#         133
  -------         ENDPROC       _SET1616PIC
  -------         PROC          _WRITE1632GDRAM
  X:0230H         SYMBOL        x
  D:0005H         SYMBOL        y
  X:0231H         SYMBOL        bmp
  -------         DO            
  D:0006H         SYMBOL        i
  X:0234H         SYMBOL        j
  X:0235H         SYMBOL        basex
  D:0004H         SYMBOL        basey
  -------         ENDDO         
  C:0F6CH         LINE#         140
  C:0F7AH         LINE#         141
  C:0F7AH         LINE#         143
  C:0F89H         LINE#         144
  C:0F89H         LINE#         145
  C:0F89H         LINE#         146
  C:0F91H         LINE#         147
  C:0F97H         LINE#         148
  C:0F97H         LINE#         149
  C:0F97H         LINE#         150
  C:0FA3H         LINE#         151
  C:0FA8H         LINE#         152
  C:0FB2H         LINE#         153
  C:0FB2H         LINE#         154
  C:0FB4H         LINE#         155
  C:0FB4H         LINE#         156
  C:0FB7H         LINE#         157
  C:0FBCH         LINE#         158
  C:0FC1H         LINE#         159
  C:0FD0H         LINE#         160
  C:0FD5H         LINE#         161
  C:0FD5H         LINE#         162
  C:0FDAH         LINE#         163
  C:0FDAH         LINE#         164
  C:0FDBH         LINE#         165
  C:0FDBH         LINE#         166
  C:0FE2H         LINE#         167
  C:0FE7H         LINE#         168
  C:0FECH         LINE#         169
BL51 BANKED LINKER/LOCATER V6.22                                                      05/17/2017  12:41:03  PAGE 17


  C:0FFBH         LINE#         170
  C:1000H         LINE#         171
  C:1002H         LINE#         172
  C:1002H         LINE#         173
  C:1005H         LINE#         174
  C:100CH         LINE#         175
  C:1011H         LINE#         176
  C:1020H         LINE#         177
  C:1025H         LINE#         178
  C:1025H         LINE#         179
  C:102AH         LINE#         180
  -------         ENDPROC       _WRITE1632GDRAM
  -------         PROC          INIT_12864_GDRAM
  C:1D74H         LINE#         185
  C:1D74H         LINE#         186
  C:1D74H         LINE#         187
  C:1D79H         LINE#         188
  C:1D7EH         LINE#         189
  C:1D83H         LINE#         190
  -------         ENDPROC       INIT_12864_GDRAM
  -------         PROC          CLEAN_12864_GDRAM
  -------         DO            
  D:0005H         SYMBOL        x
  D:0006H         SYMBOL        y
  -------         ENDDO         
  C:1AD2H         LINE#         198
  C:1AD2H         LINE#         199
  C:1AD2H         LINE#         201
  C:1AD7H         LINE#         202
  C:1ADAH         LINE#         203
  C:1ADFH         LINE#         204
  C:1AE1H         LINE#         205
  C:1AE1H         LINE#         206
  C:1AE4H         LINE#         207
  C:1AE9H         LINE#         208
  C:1AEBH         LINE#         209
  C:1AEBH         LINE#         210
  C:1AF0H         LINE#         211
  C:1AF3H         LINE#         212
  C:1AF8H         LINE#         213
  C:1AFDH         LINE#         214
  -------         ENDPROC       CLEAN_12864_GDRAM
  -------         ENDMOD        LCD12864

  -------         MODULE        RC522
  C:0000H         SYMBOL        _ICE_DUMMY_
  C:0003H         PUBLIC        PcdAntennaOff
  D:0080H         PUBLIC        P0
  D:0090H         PUBLIC        P1
  D:00A0H         PUBLIC        P2
  D:00B0H         PUBLIC        P3
  C:155FH         PUBLIC        _PcdRequest
  B:0090H.4       PUBLIC        MF522_RST
  C:11BEH         PUBLIC        _CalulateCRC
  D:00A8H         PUBLIC        IE
  C:1447H         PUBLIC        _PcdRead
  C:102BH         PUBLIC        _PcdValue
BL51 BANKED LINKER/LOCATER V6.22                                                      05/17/2017  12:41:03  PAGE 18


  D:00B8H         PUBLIC        IP
  C:1D1EH         PUBLIC        _ClearBitMask
  C:1938H         PUBLIC        PcdReset
  C:1D86H         PUBLIC        PcdAntennaOn
  C:1813H         PUBLIC        PcdHalt
  C:0DACH         PUBLIC        _PcdWrite
  C:0C7AH         PUBLIC        _PcdBakValue
  C:130BH         PUBLIC        _PcdAuthState
  D:0098H         PUBLIC        SCON
  D:0088H         PUBLIC        TCON
  C:1982H         PUBLIC        _ReadRawRC
  C:1C55H         PUBLIC        _delay2
  B:0090H.3       PUBLIC        MF522_MISO
  B:0090H.2       PUBLIC        MF522_MOSI
  C:19C3H         PUBLIC        _WriteRawRC
  C:10EAH         PUBLIC        _PcdAnticoll
  C:1DB7H         PUBLIC        _SetBitMask
  B:0090H.0       PUBLIC        MF522_SDA
  C:08E7H         PUBLIC        _PcdComMF522
  D:00C8H         PUBLIC        T2CON
  B:0090H.1       PUBLIC        MF522_SCK
  D:00D0H         PUBLIC        PSW
  C:125BH         PUBLIC        _PcdSelect
  -------         PROC          _DELAY2
  D:0006H         SYMBOL        z
  -------         DO            
  D:0006H         SYMBOL        x
  D:0004H         SYMBOL        y
  -------         ENDDO         
  C:1C55H         LINE#         5
  C:1C55H         LINE#         6
  C:1C55H         LINE#         8
  C:1C5EH         LINE#         9
  C:1C72H         LINE#         10
  -------         ENDPROC       _DELAY2
  -------         PROC          _PCDREQUEST
  X:0100H         SYMBOL        req_code
  X:0101H         SYMBOL        pTagType
  -------         DO            
  D:0007H         SYMBOL        status
  X:0104H         SYMBOL        unLen
  X:0106H         SYMBOL        ucComMF522Buf
  -------         ENDDO         
  C:155FH         LINE#         26
  C:156CH         LINE#         27
  C:156CH         LINE#         32
  C:156FH         LINE#         33
  C:1576H         LINE#         34
  C:157DH         LINE#         36
  C:1585H         LINE#         38
  C:15A8H         LINE#         40
  C:15B7H         LINE#         41
  C:15B7H         LINE#         42
  C:15CBH         LINE#         43
  C:15E2H         LINE#         44
  C:15E4H         LINE#         46
  C:15E6H         LINE#         50
BL51 BANKED LINKER/LOCATER V6.22                                                      05/17/2017  12:41:03  PAGE 19


  C:15E6H         LINE#         52
  C:15E6H         LINE#         53
  -------         ENDPROC       _PCDREQUEST
  -------         PROC          _PCDANTICOLL
  X:0181H         SYMBOL        pSnr
  -------         DO            
  X:0184H         SYMBOL        status
  D:0004H         SYMBOL        i
  X:0185H         SYMBOL        snr_check
  X:0186H         SYMBOL        unLen
  X:0188H         SYMBOL        ucComMF522Buf
  -------         ENDDO         
  C:10EAH         LINE#         60
  C:10F5H         LINE#         61
  C:10F5H         LINE#         63
  C:10F9H         LINE#         68
  C:10FCH         LINE#         69
  C:1103H         LINE#         70
  C:110AH         LINE#         72
  C:1110H         LINE#         73
  C:1114H         LINE#         75
  C:1140H         LINE#         77
  C:1142H         LINE#         78
  C:1142H         LINE#         79
  C:1143H         LINE#         80
  C:1143H         LINE#         81
  C:1165H         LINE#         82
  C:117CH         LINE#         84
  C:1181H         LINE#         85
  C:1194H         LINE#         86
  C:119AH         LINE#         87
  C:119AH         LINE#         89
  C:11A1H         LINE#         90
  C:11A6H         LINE#         91
  -------         ENDPROC       _PCDANTICOLL
  -------         PROC          _PCDSELECT
  X:01B2H         SYMBOL        pSnr
  -------         DO            
  D:0007H         SYMBOL        status
  D:0004H         SYMBOL        i
  X:01B5H         SYMBOL        unLen
  X:01B7H         SYMBOL        ucComMF522Buf
  -------         ENDDO         
  C:125BH         LINE#         98
  C:1266H         LINE#         99
  C:1266H         LINE#         105
  C:126CH         LINE#         106
  C:1270H         LINE#         107
  C:1275H         LINE#         108
  C:1276H         LINE#         109
  C:1276H         LINE#         110
  C:1298H         LINE#         111
  C:12ACH         LINE#         112
  C:12B1H         LINE#         113
  C:12CAH         LINE#         115
  C:12CDH         LINE#         117
  C:12F6H         LINE#         119
BL51 BANKED LINKER/LOCATER V6.22                                                      05/17/2017  12:41:03  PAGE 20


  C:1305H         LINE#         120
  C:1308H         LINE#         122
  C:130AH         LINE#         124
  C:130AH         LINE#         125
  -------         ENDPROC       _PCDSELECT
  -------         PROC          _PCDAUTHSTATE
  D:0007H         SYMBOL        auth_mode
  D:0005H         SYMBOL        addr
  X:0166H         SYMBOL        pKey
  X:0169H         SYMBOL        pSnr
  -------         DO            
  X:016CH         SYMBOL        status
  X:016DH         SYMBOL        unLen
  D:0007H         SYMBOL        i
  X:016FH         SYMBOL        ucComMF522Buf
  -------         ENDDO         
  C:130BH         LINE#         137
  C:1316H         LINE#         138
  C:1316H         LINE#         143
  C:131BH         LINE#         144
  C:131EH         LINE#         145
  C:1320H         LINE#         146
  C:1345H         LINE#         147
  C:1347H         LINE#         148
  C:136CH         LINE#         152
  C:139AH         LINE#         153
  C:13A5H         LINE#         154
  C:13ABH         LINE#         156
  C:13B0H         LINE#         157
  -------         ENDPROC       _PCDAUTHSTATE
  -------         PROC          _PCDREAD
  D:0007H         SYMBOL        addr
  X:01C9H         SYMBOL        pData
  -------         DO            
  D:0007H         SYMBOL        status
  X:01CCH         SYMBOL        unLen
  D:0006H         SYMBOL        i
  X:01CEH         SYMBOL        ucComMF522Buf
  -------         ENDDO         
  C:1447H         LINE#         165
  C:1452H         LINE#         166
  C:1452H         LINE#         171
  C:1458H         LINE#         172
  C:145BH         LINE#         173
  C:1470H         LINE#         175
  C:1499H         LINE#         176
  C:14A8H         LINE#         178
  C:14A8H         LINE#         179
  C:14A9H         LINE#         180
  C:14D0H         LINE#         181
  C:14D0H         LINE#         183
  C:14D2H         LINE#         185
  C:14D2H         LINE#         186
  -------         ENDPROC       _PCDREAD
  -------         PROC          _PCDWRITE
  D:0007H         SYMBOL        addr
  X:01E0H         SYMBOL        pData
BL51 BANKED LINKER/LOCATER V6.22                                                      05/17/2017  12:41:03  PAGE 21


  -------         DO            
  D:0007H         SYMBOL        status
  X:01E3H         SYMBOL        unLen
  D:0006H         SYMBOL        i
  X:01E5H         SYMBOL        ucComMF522Buf
  -------         ENDDO         
  C:0DACH         LINE#         194
  C:0DB7H         LINE#         195
  C:0DB7H         LINE#         200
  C:0DBDH         LINE#         201
  C:0DC0H         LINE#         202
  C:0DD9H         LINE#         204
  C:0E02H         LINE#         206
  C:0E1BH         LINE#         207
  C:0E1DH         LINE#         209
  C:0E23H         LINE#         210
  C:0E23H         LINE#         212
  C:0E24H         LINE#         213
  C:0E49H         LINE#         214
  C:0E62H         LINE#         216
  C:0E8BH         LINE#         217
  C:0EA4H         LINE#         218
  C:0EA6H         LINE#         219
  C:0EA6H         LINE#         221
  C:0EA6H         LINE#         222
  -------         ENDPROC       _PCDWRITE
  -------         PROC          _PCDVALUE
  D:0007H         SYMBOL        dd_mode
  X:019AH         SYMBOL        addr
  X:019BH         SYMBOL        pValue
  -------         DO            
  D:0007H         SYMBOL        status
  X:019EH         SYMBOL        unLen
  D:0006H         SYMBOL        i
  X:01A0H         SYMBOL        ucComMF522Buf
  -------         ENDDO         
  C:102BH         LINE#         233
  C:103BH         LINE#         234
  C:103BH         LINE#         239
  C:1040H         LINE#         240
  C:1042H         LINE#         241
  C:1045H         LINE#         243
  C:1048H         LINE#         245
  C:1061H         LINE#         246
  C:1063H         LINE#         248
  C:1066H         LINE#         249
  C:1066H         LINE#         251
  C:1067H         LINE#         252
  C:108CH         LINE#         253
  C:10A5H         LINE#         254
  C:10ACH         LINE#         255
  C:10B1H         LINE#         256
  C:10B6H         LINE#         257
  C:10B8H         LINE#         258
  C:10B8H         LINE#         260
  C:10BBH         LINE#         261
  C:10BBH         LINE#         262
BL51 BANKED LINKER/LOCATER V6.22                                                      05/17/2017  12:41:03  PAGE 22


  C:10C1H         LINE#         263
  C:10C8H         LINE#         264
  C:10CBH         LINE#         266
  C:10CEH         LINE#         268
  C:10E7H         LINE#         269
  C:10E9H         LINE#         270
  C:10E9H         LINE#         271
  C:10E9H         LINE#         272
  -------         ENDPROC       _PCDVALUE
  -------         PROC          _PCDBAKVALUE
  D:0007H         SYMBOL        sourceaddr
  X:01F7H         SYMBOL        goaladdr
  -------         DO            
  D:0007H         SYMBOL        status
  X:01F8H         SYMBOL        unLen
  X:01FAH         SYMBOL        ucComMF522Buf
  -------         ENDDO         
  C:0C7AH         LINE#         280
  C:0C7FH         LINE#         281
  C:0C7FH         LINE#         286
  C:0C85H         LINE#         287
  C:0C88H         LINE#         288
  C:0CA1H         LINE#         290
  C:0CCAH         LINE#         292
  C:0CE3H         LINE#         293
  C:0CE5H         LINE#         295
  C:0CE8H         LINE#         296
  C:0CE8H         LINE#         297
  C:0CECH         LINE#         298
  C:0CEEH         LINE#         299
  C:0CF0H         LINE#         300
  C:0CF2H         LINE#         301
  C:0D0AH         LINE#         303
  C:0D33H         LINE#         304
  C:0D38H         LINE#         305
  C:0D3AH         LINE#         306
  C:0D3AH         LINE#         308
  C:0D3DH         LINE#         309
  C:0D40H         LINE#         311
  C:0D46H         LINE#         312
  C:0D4EH         LINE#         314
  C:0D67H         LINE#         316
  C:0D90H         LINE#         318
  C:0DA9H         LINE#         319
  C:0DABH         LINE#         321
  C:0DABH         LINE#         322
  -------         ENDPROC       _PCDBAKVALUE
  -------         PROC          PCDHALT
  -------         DO            
  X:020CH         SYMBOL        status
  X:020DH         SYMBOL        unLen
  X:020FH         SYMBOL        ucComMF522Buf
  -------         ENDDO         
  C:1813H         LINE#         329
  C:1813H         LINE#         330
  C:1813H         LINE#         335
  C:1819H         LINE#         336
BL51 BANKED LINKER/LOCATER V6.22                                                      05/17/2017  12:41:03  PAGE 23


  C:181CH         LINE#         337
  C:1834H         LINE#         339
  C:1862H         LINE#         341
  C:1864H         LINE#         342
  -------         ENDPROC       PCDHALT
  C:11BAH         SYMBOL        L?0147
  -------         PROC          L?0146
  -------         ENDPROC       L?0146
  C:11BAH         SYMBOL        L?0147
  -------         PROC          _CALULATECRC
  X:0221H         SYMBOL        pIndata
  X:0224H         SYMBOL        len
  X:0225H         SYMBOL        pOutData
  -------         DO            
  X:0228H         SYMBOL        i
  D:0007H         SYMBOL        n
  -------         ENDDO         
  C:11BEH         LINE#         347
  C:11CCH         LINE#         348
  C:11CCH         LINE#         350
  C:11D3H         LINE#         351
  C:11D6H         LINE#         352
  C:11DDH         LINE#         353
  C:11F0H         LINE#         354
  C:1211H         LINE#         355
  C:1218H         LINE#         356
  C:121EH         LINE#         358
  C:121EH         LINE#         359
  C:1223H         LINE#         360
  C:1229H         LINE#         361
  C:1229H         LINE#         362
  C:1230H         LINE#         363
  C:1244H         LINE#         364
  -------         ENDPROC       _CALULATECRC
  -------         PROC          PCDRESET
  C:1938H         LINE#         371
  C:1938H         LINE#         372
  C:1938H         LINE#         374
  C:193AH         LINE#         376
  C:193BH         LINE#         378
  C:193DH         LINE#         380
  C:193EH         LINE#         382
  C:1940H         LINE#         384
  C:1947H         LINE#         386
  C:194EH         LINE#         388
  C:194FH         LINE#         391
  C:1956H         LINE#         392
  C:195DH         LINE#         393
  C:1964H         LINE#         394
  C:196BH         LINE#         395
  C:1972H         LINE#         396
  C:1979H         LINE#         397
  C:197BH         LINE#         398
  -------         ENDPROC       PCDRESET
  -------         PROC          L?0152
  -------         ENDPROC       L?0152
  -------         PROC          _READRAWRC
BL51 BANKED LINKER/LOCATER V6.22                                                      05/17/2017  12:41:03  PAGE 24


  D:0007H         SYMBOL        Address
  -------         DO            
  D:0005H         SYMBOL        i
  D:0007H         SYMBOL        ucAddr
  D:0006H         SYMBOL        ucResult
  -------         ENDDO         
  C:1982H         LINE#         405
  C:1982H         LINE#         406
  C:1982H         LINE#         408
  C:1984H         LINE#         410
  C:1986H         LINE#         411
  C:1988H         LINE#         412
  C:1990H         LINE#         414
  C:1992H         LINE#         415
  C:1992H         LINE#         416
  C:199CH         LINE#         417
  C:199EH         LINE#         418
  C:19A2H         LINE#         419
  C:19A4H         LINE#         420
  C:19A6H         LINE#         422
  C:19A8H         LINE#         423
  C:19A8H         LINE#         424
  C:19AAH         LINE#         425
  C:19AEH         LINE#         426
  C:19B4H         LINE#         427
  C:19B6H         LINE#         428
  C:19B8H         LINE#         430
  C:19BAH         LINE#         431
  C:19BCH         LINE#         432
  C:19BEH         LINE#         433
  -------         ENDPROC       _READRAWRC
  C:19BFH         SYMBOL        L?0149
  -------         PROC          L?0148
  -------         ENDPROC       L?0148
  C:19BFH         SYMBOL        L?0149
  -------         PROC          _WRITERAWRC
  D:0007H         SYMBOL        Address
  D:0005H         SYMBOL        value
  -------         DO            
  D:0006H         SYMBOL        i
  D:0007H         SYMBOL        ucAddr
  -------         ENDDO         
  C:19C3H         LINE#         440
  C:19C3H         LINE#         441
  C:19C3H         LINE#         444
  C:19C5H         LINE#         445
  C:19C7H         LINE#         446
  C:19CDH         LINE#         448
  C:19CFH         LINE#         449
  C:19CFH         LINE#         450
  C:19D9H         LINE#         451
  C:19DBH         LINE#         452
  C:19DFH         LINE#         453
  C:19E1H         LINE#         454
  C:19E3H         LINE#         456
  C:19E5H         LINE#         457
  C:19E5H         LINE#         458
BL51 BANKED LINKER/LOCATER V6.22                                                      05/17/2017  12:41:03  PAGE 25


  C:19EFH         LINE#         459
  C:19F1H         LINE#         460
  C:19F5H         LINE#         461
  C:19F7H         LINE#         462
  C:19F9H         LINE#         463
  C:19FBH         LINE#         464
  C:19FDH         LINE#         465
  -------         ENDPROC       _WRITERAWRC
  -------         PROC          _SETBITMASK
  D:0004H         SYMBOL        reg
  D:0003H         SYMBOL        mask
  -------         DO            
  D:0006H         SYMBOL        tmp
  -------         ENDDO         
  C:1DB7H         LINE#         472
  C:1DB7H         LINE#         473
  C:1DB7H         LINE#         474
  C:1DB7H         LINE#         475
  C:1DBCH         LINE#         476
  -------         ENDPROC       _SETBITMASK
  C:1D1AH         SYMBOL        L?0151
  -------         PROC          L?0150
  -------         ENDPROC       L?0150
  C:1D1AH         SYMBOL        L?0151
  -------         PROC          _CLEARBITMASK
  D:0004H         SYMBOL        reg
  D:0003H         SYMBOL        mask
  -------         DO            
  D:0006H         SYMBOL        tmp
  -------         ENDDO         
  C:1D1EH         LINE#         484
  C:1D1EH         LINE#         485
  C:1D1EH         LINE#         486
  C:1D1EH         LINE#         487
  C:1D23H         LINE#         488
  -------         ENDPROC       _CLEARBITMASK
  C:08C3H         SYMBOL        L?0144
  C:08E3H         SYMBOL        L?0145
  -------         PROC          L?0143
  -------         ENDPROC       L?0143
  C:08C3H         SYMBOL        L?0144
  C:08E3H         SYMBOL        L?0145
  -------         PROC          _PCDCOMMF522
  X:0118H         SYMBOL        Command
  X:0119H         SYMBOL        pInData
  X:011CH         SYMBOL        InLenByte
  X:011DH         SYMBOL        pOutData
  X:0120H         SYMBOL        pOutLenBit
  -------         DO            
  X:0123H         SYMBOL        status
  X:0124H         SYMBOL        irqEn
  X:0125H         SYMBOL        waitFor
  D:0005H         SYMBOL        lastBits
  X:0126H         SYMBOL        n
  X:0127H         SYMBOL        i
  -------         ENDDO         
  C:08E7H         LINE#         499
BL51 BANKED LINKER/LOCATER V6.22                                                      05/17/2017  12:41:03  PAGE 26


  C:08F7H         LINE#         504
  C:08F7H         LINE#         505
  C:08FDH         LINE#         506
  C:0900H         LINE#         507
  C:0902H         LINE#         511
  C:090BH         LINE#         512
  C:090BH         LINE#         513
  C:090BH         LINE#         514
  C:0911H         LINE#         515
  C:0915H         LINE#         516
  C:0917H         LINE#         517
  C:0917H         LINE#         518
  C:091DH         LINE#         519
  C:0921H         LINE#         520
  C:0921H         LINE#         521
  C:0921H         LINE#         522
  C:0921H         LINE#         523
  C:0921H         LINE#         525
  C:092DH         LINE#         526
  C:0934H         LINE#         527
  C:0937H         LINE#         528
  C:093EH         LINE#         530
  C:0959H         LINE#         531
  C:0981H         LINE#         532
  C:098BH         LINE#         535
  C:098FH         LINE#         536
  C:0996H         LINE#         538
  C:09A0H         LINE#         540
  C:09A0H         LINE#         541
  C:09AAH         LINE#         542
  C:09B8H         LINE#         543
  C:09B8H         LINE#         544
  C:09D0H         LINE#         545
  C:09D7H         LINE#         547
  C:09E4H         LINE#         548
  C:09E4H         LINE#         549
  C:09F1H         LINE#         550
  C:09F1H         LINE#         551
  C:09F5H         LINE#         552
  C:0A00H         LINE#         553
  C:0A06H         LINE#         554
  C:0A11H         LINE#         555
  C:0A11H         LINE#         556
  C:0A1BH         LINE#         557
  C:0A24H         LINE#         558
  C:0A26H         LINE#         559
  C:0A4CH         LINE#         561
  C:0A67H         LINE#         562
  C:0A6DH         LINE#         563
  C:0A6FH         LINE#         564
  C:0A78H         LINE#         565
  C:0A7BH         LINE#         566
  C:0A95H         LINE#         567
  C:0AC4H         LINE#         568
  C:0AC4H         LINE#         569
  C:0AC4H         LINE#         571
  C:0ACAH         LINE#         573
BL51 BANKED LINKER/LOCATER V6.22                                                      05/17/2017  12:41:03  PAGE 27


  C:0ACAH         LINE#         576
  C:0AD1H         LINE#         577
  C:0AD4H         LINE#         578
  C:0AD9H         LINE#         579
  -------         ENDPROC       _PCDCOMMF522
  -------         PROC          PCDANTENNAON
  -------         DO            
  D:0007H         SYMBOL        i
  -------         ENDDO         
  C:1D86H         LINE#         586
  C:1D86H         LINE#         587
  C:1D86H         LINE#         589
  C:1D8BH         LINE#         590
  C:1D90H         LINE#         591
  C:1D90H         LINE#         592
  C:1D97H         LINE#         593
  C:1D97H         LINE#         594
  -------         ENDPROC       PCDANTENNAON
  -------         PROC          PCDANTENNAOFF
  C:0003H         LINE#         600
  C:0003H         LINE#         601
  C:0003H         LINE#         602
  -------         ENDPROC       PCDANTENNAOFF
  -------         ENDMOD        RC522

  -------         MODULE        12864
  C:0000H         SYMBOL        _ICE_DUMMY_
  C:175DH         PUBLIC        display_welcome2
  D:0080H         PUBLIC        P0
  D:0090H         PUBLIC        P1
  D:00A0H         PUBLIC        P2
  D:00B0H         PUBLIC        P3
  D:00A8H         PUBLIC        IE
  C:1BCDH         PUBLIC        _delay
  D:00B8H         PUBLIC        IP
  C:1A70H         PUBLIC        display_type
  B:00B0H.4       PUBLIC        LCM_PSB
  C:18B9H         PUBLIC        _LCD_Data
  D:0098H         PUBLIC        SCON
  D:0088H         PUBLIC        TCON
  C:192AH         PUBLIC        table3
  C:1930H         PUBLIC        table4
  C:1C73H         PUBLIC        _lcd_wcmd
  C:1CAAH         PUBLIC        _lcd_wdat
  C:1B28H         PUBLIC        display_cardnum
  C:1BEFH         PUBLIC        lcd_init
  B:0090H.4       PUBLIC        LCM_EN
  C:1CF2H         PUBLIC        lcd_busy
  B:0090H.5       PUBLIC        LCM_RS
  B:0090H.6       PUBLIC        LCM_RW
  D:00C8H         PUBLIC        T2CON
  C:1B7FH         PUBLIC        _lcd_pos
  C:18F3H         PUBLIC        dis1
  C:18FEH         PUBLIC        dis2
  C:190BH         PUBLIC        dis3
  C:191AH         PUBLIC        dis4
  D:00D0H         PUBLIC        PSW
BL51 BANKED LINKER/LOCATER V6.22                                                      05/17/2017  12:41:03  PAGE 28


  C:1BC9H         SYMBOL        L?0055
  -------         PROC          L?0054
  -------         ENDPROC       L?0054
  C:1BC9H         SYMBOL        L?0055
  -------         PROC          _DELAY
  D:0006H         SYMBOL        ms
  -------         DO            
  X:0100H         SYMBOL        i
  -------         ENDDO         
  C:1BCDH         LINE#         17
  C:1BCDH         LINE#         18
  C:1BCDH         LINE#         19
  C:1BD7H         LINE#         20
  C:1BD7H         LINE#         22
  C:1BE5H         LINE#         23
  C:1BE5H         LINE#         24
  C:1BE6H         LINE#         25
  C:1BE7H         LINE#         26
  C:1BE8H         LINE#         27
  C:1BE9H         LINE#         28
  C:1BEEH         LINE#         29
  C:1BEEH         LINE#         30
  -------         ENDPROC       _DELAY
  -------         PROC          LCD_BUSY
  -------         DO            
  B:0020H.0       SYMBOL        result
  -------         ENDDO         
  C:1CF2H         LINE#         37
  C:1CF2H         LINE#         38
  C:1CF2H         LINE#         40
  C:1CF4H         LINE#         41
  C:1CF6H         LINE#         42
  C:1CF8H         LINE#         43
  C:1CFCH         LINE#         44
  C:1D01H         LINE#         45
  C:1D03H         LINE#         46
  C:1D05H         LINE#         47
  -------         ENDPROC       LCD_BUSY
  -------         PROC          _LCD_WCMD
  D:0007H         SYMBOL        cmd
  C:1C73H         LINE#         54
  C:1C73H         LINE#         55
  C:1C73H         LINE#         56
  C:1C78H         LINE#         57
  C:1C7AH         LINE#         58
  C:1C7CH         LINE#         59
  C:1C7EH         LINE#         60
  C:1C7FH         LINE#         61
  C:1C80H         LINE#         62
  C:1C82H         LINE#         63
  C:1C86H         LINE#         64
  C:1C88H         LINE#         65
  C:1C8CH         LINE#         66
  C:1C8EH         LINE#         67
  -------         ENDPROC       _LCD_WCMD
  -------         PROC          _LCD_WDAT
  D:0007H         SYMBOL        dat
BL51 BANKED LINKER/LOCATER V6.22                                                      05/17/2017  12:41:03  PAGE 29


  C:1CAAH         LINE#         74
  C:1CAAH         LINE#         75
  C:1CAAH         LINE#         76
  C:1CAFH         LINE#         77
  C:1CB1H         LINE#         78
  C:1CB3H         LINE#         79
  C:1CB5H         LINE#         80
  C:1CB7H         LINE#         81
  C:1CBBH         LINE#         82
  C:1CBDH         LINE#         83
  C:1CC1H         LINE#         84
  C:1CC3H         LINE#         85
  -------         ENDPROC       _LCD_WDAT
  -------         PROC          LCD_INIT
  C:1BEFH         LINE#         91
  C:1BEFH         LINE#         92
  C:1BEFH         LINE#         93
  C:1BF1H         LINE#         95
  C:1BF6H         LINE#         96
  C:1BF9H         LINE#         97
  C:1BFEH         LINE#         98
  C:1C01H         LINE#         99
  C:1C06H         LINE#         100
  C:1C09H         LINE#         101
  C:1C0EH         LINE#         102
  -------         ENDPROC       LCD_INIT
  -------         PROC          DISPLAY_WELCOME2
  -------         DO            
  D:0006H         SYMBOL        i
  -------         ENDDO         
  C:175DH         LINE#         105
  C:175DH         LINE#         106
  C:175DH         LINE#         108
  C:1764H         LINE#         112
  C:176AH         LINE#         113
  C:176CH         LINE#         114
  C:1774H         LINE#         115
  C:1774H         LINE#         116
  C:1777H         LINE#         117
  C:1778H         LINE#         118
  C:177AH         LINE#         119
  C:177DH         LINE#         120
  C:177FH         LINE#         121
  C:1787H         LINE#         122
  C:1787H         LINE#         123
  C:178AH         LINE#         124
  C:178BH         LINE#         125
  C:178DH         LINE#         126
  C:1794H         LINE#         127
  C:1796H         LINE#         128
  C:179EH         LINE#         129
  C:179EH         LINE#         130
  C:17A1H         LINE#         131
  C:17A2H         LINE#         132
  C:17A4H         LINE#         133
  C:17ABH         LINE#         134
  C:17ADH         LINE#         135
BL51 BANKED LINKER/LOCATER V6.22                                                      05/17/2017  12:41:03  PAGE 30


  C:17B5H         LINE#         136
  C:17B5H         LINE#         137
  C:17B8H         LINE#         138
  C:17B9H         LINE#         139
  C:17BBH         LINE#         143
  -------         ENDPROC       DISPLAY_WELCOME2
  -------         PROC          L?0057
  -------         ENDPROC       L?0057
  -------         PROC          _LCD_POS
  D:0007H         SYMBOL        X
  D:0005H         SYMBOL        Y
  -------         DO            
  D:0007H         SYMBOL        pos
  -------         ENDDO         
  C:1B7FH         LINE#         163
  C:1B7FH         LINE#         164
  C:1B7FH         LINE#         166
  C:1B82H         LINE#         167
  C:1B86H         LINE#         168
  C:1B8AH         LINE#         169
  C:1B8EH         LINE#         170
  C:1B92H         LINE#         171
  C:1B96H         LINE#         172
  C:1B9AH         LINE#         173
  C:1B9CH         LINE#         174
  C:1B9FH         LINE#         175
  -------         ENDPROC       _LCD_POS
  -------         PROC          L?0056
  -------         ENDPROC       L?0056
  -------         PROC          _LCD_DATA
  D:0006H         SYMBOL        LCDbyte
  -------         DO            
  D:0005H         SYMBOL        count
  -------         ENDDO         
  C:18B9H         LINE#         178
  C:18BBH         LINE#         179
  C:18BBH         LINE#         181
  C:18C2H         LINE#         182
  C:18D2H         LINE#         183
  C:18D8H         LINE#         184
  C:18DCH         LINE#         185
  C:18ECH         LINE#         186
  C:18F2H         LINE#         187
  -------         ENDPROC       _LCD_DATA
  -------         PROC          DISPLAY_TYPE
  -------         DO            
  D:0004H         SYMBOL        num
  -------         ENDDO         
  C:1A70H         LINE#         189
  C:1A70H         LINE#         190
  C:1A70H         LINE#         192
  C:1A75H         LINE#         193
  C:1A78H         LINE#         194
  C:1A7EH         LINE#         195
  C:1A80H         LINE#         196
  C:1A80H         LINE#         197
  C:1A89H         LINE#         198
BL51 BANKED LINKER/LOCATER V6.22                                                      05/17/2017  12:41:03  PAGE 31


  C:1A8EH         LINE#         200
  C:1A90H         LINE#         201
  C:1A90H         LINE#         202
  C:1A99H         LINE#         203
  C:1A9CH         LINE#         204
  C:1AA1H         LINE#         205
  -------         ENDPROC       DISPLAY_TYPE
  -------         PROC          DISPLAY_CARDNUM
  -------         DO            
  D:0004H         SYMBOL        num
  -------         ENDDO         
  C:1B28H         LINE#         207
  C:1B28H         LINE#         208
  C:1B28H         LINE#         211
  C:1B2BH         LINE#         212
  C:1B2EH         LINE#         213
  C:1B30H         LINE#         214
  C:1B30H         LINE#         215
  C:1B39H         LINE#         216
  C:1B3EH         LINE#         218
  C:1B40H         LINE#         219
  C:1B40H         LINE#         220
  C:1B49H         LINE#         221
  C:1B4CH         LINE#         222
  C:1B51H         LINE#         223
  -------         ENDPROC       DISPLAY_CARDNUM
  -------         ENDMOD        12864

  -------         MODULE        ?C?CLDPTR
  C:067AH         PUBLIC        ?C?CLDPTR
  -------         ENDMOD        ?C?CLDPTR

  -------         MODULE        ?C?CLDOPTR
  C:0693H         PUBLIC        ?C?CLDOPTR
  -------         ENDMOD        ?C?CLDOPTR

  -------         MODULE        ?C?CSTPTR
  C:06C0H         PUBLIC        ?C?CSTPTR
  -------         ENDMOD        ?C?CSTPTR

  -------         MODULE        ?C?CSTOPTR
  C:06D2H         PUBLIC        ?C?CSTOPTR
  -------         ENDMOD        ?C?CSTOPTR

  -------         MODULE        ?C?IILDX
  C:06F4H         PUBLIC        ?C?IILDX
  -------         ENDMOD        ?C?IILDX

  -------         MODULE        ?C?ILDIX
  C:070AH         PUBLIC        ?C?ILDIX
  -------         ENDMOD        ?C?ILDIX

  -------         MODULE        ?C?ISTPTR
  C:0720H         PUBLIC        ?C?ISTPTR
  -------         ENDMOD        ?C?ISTPTR

  -------         MODULE        ?C?LMUL
BL51 BANKED LINKER/LOCATER V6.22                                                      05/17/2017  12:41:03  PAGE 32


  C:073FH         PUBLIC        ?C?LMUL
  -------         ENDMOD        ?C?LMUL

  -------         MODULE        ?C?ULDIV
  C:07CAH         PUBLIC        ?C?ULDIV
  -------         ENDMOD        ?C?ULDIV

  -------         MODULE        ?C?LSHL
  C:085CH         PUBLIC        ?C?LSHL
  -------         ENDMOD        ?C?LSHL

  -------         MODULE        ?C?LSTXDATA
  C:086FH         PUBLIC        ?C?LSTXDATA
  -------         ENDMOD        ?C?LSTXDATA

  -------         MODULE        PRINTF
  X:013CH         PUBLIC        ?_PRINTF517?BYTE
  X:013CH         PUBLIC        ?_PRINTF?BYTE
  X:013CH         PUBLIC        ?_SPRINTF517?BYTE
  X:013CH         PUBLIC        ?_SPRINTF?BYTE
  C:0091H         PUBLIC        _PRINTF
  C:0091H         PUBLIC        _PRINTF517
  C:008BH         PUBLIC        _SPRINTF
  C:008BH         PUBLIC        _SPRINTF517
  -------         ENDMOD        PRINTF

  -------         MODULE        ?C?PLDIXDATA
  C:087BH         PUBLIC        ?C?PLDIXDATA
  -------         ENDMOD        ?C?PLDIXDATA

  -------         MODULE        ?C?PSTXDATA
  C:0892H         PUBLIC        ?C?PSTXDATA
  -------         ENDMOD        ?C?PSTXDATA

  -------         MODULE        ?C?CCASE
  C:089BH         PUBLIC        ?C?CCASE
  -------         ENDMOD        ?C?CCASE

  -------         MODULE        PUTCHAR
  C:1BA2H         PUBLIC        _PUTCHAR
  -------         ENDMOD        PUTCHAR

*** WARNING L16: UNCALLED SEGMENT, IGNORED FOR OVERLAY PROCESS
    SEGMENT: ?PR?_DELAY1?MAIN

*** WARNING L16: UNCALLED SEGMENT, IGNORED FOR OVERLAY PROCESS
    SEGMENT: ?PR?_SET1616PIC?LCD12864

*** WARNING L16: UNCALLED SEGMENT, IGNORED FOR OVERLAY PROCESS
    SEGMENT: ?PR?_WRITE1632GDRAM?LCD12864

*** WARNING L16: UNCALLED SEGMENT, IGNORED FOR OVERLAY PROCESS
    SEGMENT: ?PR?CLEAN_12864_GDRAM?LCD12864

*** WARNING L16: UNCALLED SEGMENT, IGNORED FOR OVERLAY PROCESS
    SEGMENT: ?PR?_PCDANTICOLL?RC522

BL51 BANKED LINKER/LOCATER V6.22                                                      05/17/2017  12:41:03  PAGE 33


*** WARNING L16: UNCALLED SEGMENT, IGNORED FOR OVERLAY PROCESS
    SEGMENT: ?PR?_PCDSELECT?RC522

*** WARNING L16: UNCALLED SEGMENT, IGNORED FOR OVERLAY PROCESS
    SEGMENT: ?PR?_PCDAUTHSTATE?RC522

*** WARNING L16: UNCALLED SEGMENT, IGNORED FOR OVERLAY PROCESS
    SEGMENT: ?PR?_PCDREAD?RC522

*** WARNING L16: UNCALLED SEGMENT, IGNORED FOR OVERLAY PROCESS
    SEGMENT: ?PR?_PCDWRITE?RC522

*** WARNING L16: UNCALLED SEGMENT, IGNORED FOR OVERLAY PROCESS
    SEGMENT: ?PR?_PCDVALUE?RC522

*** WARNING L16: UNCALLED SEGMENT, IGNORED FOR OVERLAY PROCESS
    SEGMENT: ?PR?_PCDBAKVALUE?RC522

*** WARNING L16: UNCALLED SEGMENT, IGNORED FOR OVERLAY PROCESS
    SEGMENT: ?PR?PCDHALT?RC522

*** WARNING L16: UNCALLED SEGMENT, IGNORED FOR OVERLAY PROCESS
    SEGMENT: ?PR?LCD_INIT?12864

*** WARNING L15: MULTIPLE CALL TO SEGMENT
    SEGMENT: ?PR?_CHKCRC?MAIN
    CALLER1: ?PR?SERIAL?MAIN
    CALLER2: ?C_C51STARTUP

Program Size: data=15.1 xdata=570 code=7635
LINK/LOCATE RUN COMPLETE.  14 WARNING(S),  0 ERROR(S)
